2026-07-17 14:13:06,877  INFO [extract.py:12] Extracted 25 rows from the table
2026-07-17 14:13:06,881  INFO [load.py:21] 0 inserted to dim_driver
2026-07-17 14:13:06,882  INFO [extract.py:12] Extracted 30 rows from the table
2026-07-17 14:13:06,885  INFO [load.py:21] 0 inserted to dim_vehicle
2026-07-17 14:13:06,886  INFO [extract.py:12] Extracted 45 rows from the table
2026-07-17 14:13:06,889  INFO [load.py:21] 0 inserted to dim_passenger
2026-07-17 14:13:06,890  INFO [extract.py:12] Extracted 25 rows from the table
2026-07-17 14:13:06,893  INFO [load.py:21] 0 inserted to dim_location
2026-07-17 14:13:06,893  INFO [extract.py:12] Extracted 7 rows from the table
2026-07-17 14:13:06,894  INFO [load.py:21] 0 inserted to dim_payment_method
2026-07-17 14:13:06,895  INFO [extract.py:12] Extracted 10 rows from the table
2026-07-17 14:13:06,896  INFO [load.py:21] 0 inserted to dim_promo_code
2026-07-17 14:13:06,896  INFO [pipeline.py:118] Dimention table load completed on 0.02s
2026-07-17 14:13:06,896  INFO [extract.py:126] Loading lookup tables into memory
2026-07-17 14:13:06,899  INFO [pipeline.py:123] Lookup table extraction completed on 0.00s
2026-07-17 14:13:06,901  INFO [extract.py:156] Watermark: 2026-06-29 21:53:01
2026-07-17 14:13:06,905  INFO [extract.py:12] Extracted 0 rows from the table
2026-07-17 14:13:06,905  INFO [pipeline.py:132] Trip extraction  completed on 0.01s
2026-07-17 14:13:06,905  INFO [transform.py:82] No trips extracted — nothing to transform
2026-07-17 14:13:06,906  INFO [pipeline.py:137] Transformation completed on 0.00s
2026-07-17 14:13:06,906  INFO [pipeline.py:141] No new streaming records found. Pipeline finishing gracefully.
2026-07-17 14:13:06,906  INFO [pipeline.py:156] Database handles closed successfully.
